<area shape="rect" href="$d7/d04/classenhanced__grid_1_1Grid1D.html" title="Class that represent a 2D grid, with enhanced slicing notation." alt="" coords="5,486,155,630">
<area shape="rect" href="$de/dde/classenhanced__grid_1_1GridBar3D.html" title="{enhanced_grid.GridBar3D\n||}" alt="" coords="179,518,347,598">
<area shape="rect" href="$dc/dc1/classenhanced__grid_1_1GridCol2D.html" title="{enhanced_grid.GridCol2D\n||}" alt="" coords="371,518,539,598">
<area shape="rect" href="$d8/dcd/classenhanced__grid_1_1GridCol3D.html" title="{enhanced_grid.GridCol3D\n||}" alt="" coords="563,518,731,598">
<area shape="rect" href="$da/d80/classenhanced__grid_1_1GridRow2D.html" title="{enhanced_grid.GridRow2D\n||}" alt="" coords="755,518,928,598">
<area shape="rect" href="$d2/d69/classenhanced__grid_1_1GridRow3D.html" title="{enhanced_grid.GridRow3D\n||}" alt="" coords="952,518,1125,598">
<area shape="rect" href="$d4/d79/classenhanced__grid_1_1GridWindow1D.html" title="{enhanced_grid.GridWindow1D\n||}" alt="" coords="1149,518,1344,598">
<area shape="rect" href="$d7/d04/classenhanced__grid_1_1Container.html" title="{enhanced_grid.Container\n|+ dims\l+ count\l|+ __init__()\l+ __eq__()\l+ __ne__()\l+ __len__()\l+ min_max()\l+ copy_from()\l+ clone()\l}" alt="" coords="565,6,728,198">
