<area shape="rect" href="$d8/da0/classenhanced__grid_1_1AuxiliaryContainer.html" title="Sub&#45;classes of this container is used as windows by a PrincipleContainer, and should..." alt="" coords="220,247,433,273">
<area shape="rect" href="$de/dde/classenhanced__grid_1_1GridBar3D.html" title="enhanced_grid.GridBar3D" alt="" coords="497,5,665,32">
<area shape="rect" href="$dc/dc1/classenhanced__grid_1_1GridCol2D.html" title="enhanced_grid.GridCol2D" alt="" coords="497,56,665,83">
<area shape="rect" href="$d8/dcd/classenhanced__grid_1_1GridCol3D.html" title="enhanced_grid.GridCol3D" alt="" coords="497,107,665,133">
<area shape="rect" href="$da/d80/classenhanced__grid_1_1GridRow2D.html" title="enhanced_grid.GridRow2D" alt="" coords="495,157,668,184">
<area shape="rect" href="$d2/d69/classenhanced__grid_1_1GridRow3D.html" title="enhanced_grid.GridRow3D" alt="" coords="495,208,668,235">
<area shape="rect" href="$de/d7a/classenhanced__grid_1_1GridSliceXY.html" title="enhanced_grid.GridSliceXY" alt="" coords="492,360,671,387">
<area shape="rect" href="$d5/d39/classenhanced__grid_1_1GridSliceXZ.html" title="enhanced_grid.GridSliceXZ" alt="" coords="493,411,669,437">
<area shape="rect" href="$d2/dbd/classenhanced__grid_1_1GridSliceYZ.html" title="enhanced_grid.GridSliceYZ" alt="" coords="492,461,671,488">
<area shape="rect" href="$d4/d79/classenhanced__grid_1_1GridWindow1D.html" title="enhanced_grid.GridWindow1D" alt="" coords="484,259,679,285">
<area shape="rect" href="$de/d3f/classenhanced__grid_1_1GridWindow3D.html" title="enhanced_grid.GridWindow3D" alt="" coords="484,613,679,640">
<area shape="rect" href="$d7/d04/classenhanced__grid_1_1Container.html" title="enhanced_grid.Container" alt="" coords="7,461,169,488">
<area shape="rect" href="$d9/d13/classenhanced__grid_1_1Container1D.html" title="Class that implements __str__ and __iter__." alt="" coords="237,183,416,209">
<area shape="rect" href="$da/ddc/classenhanced__grid_1_1Container2D.html" title="Class that implements __str__ and __iter__." alt="" coords="237,461,416,488">
<area shape="rect" href="$d6/d48/classenhanced__grid_1_1Container3D.html" title="Class that implements __str__ and __iter__." alt="" coords="237,613,416,640">
<area shape="rect" href="$d7/d04/classenhanced__grid_1_1Grid1D.html" title="Class that represent a 2D grid, with enhanced slicing notation." alt="" coords="507,309,656,336">
<area shape="rect" href="$d7/d89/classenhanced__grid_1_1Grid2D.html" title="Class that represent a 2D grid, with enhanced slicing notation." alt="" coords="507,563,656,589">
<area shape="rect" href="$d6/d00/classenhanced__grid_1_1GridWindow2D.html" title="enhanced_grid.GridWindow2D" alt="" coords="484,512,679,539">
<area shape="rect" href="$d7/d38/classenhanced__grid_1_1ListGrid2D.html" title="enhanced_grid.ListGrid2D" alt="" coords="728,563,899,589">
<area shape="rect" href="$d7/d1c/classenhanced__grid_1_1Grid3D.html" title="Class that represent a 3D grid, with enhanced slicing notation." alt="" coords="507,664,656,691">
<area shape="rect" href="$d9/dcf/classenhanced__grid_1_1ListGrid3D.html" title="enhanced_grid.ListGrid3D" alt="" coords="728,664,899,691">
<area shape="rect" href="$de/da7/classenhanced__grid_1_1PrincipleContainer.html" title="Sub&#45;classes of this container can be used directly." alt="" coords="220,563,433,589">
