<area shape="rect" href="$d9/d13/classenhanced__grid_1_1Container1D.html" title="Class that implements __str__ and __iter__." alt="" coords="655,262,833,454">
<area shape="rect" href="$da/ddc/classenhanced__grid_1_1Container2D.html" title="Class that implements __str__ and __iter__." alt="" coords="1743,254,1921,462">
<area shape="rect" href="$d6/d48/classenhanced__grid_1_1Container3D.html" title="Class that implements __str__ and __iter__." alt="" coords="2351,246,2529,470">
<area shape="rect" href="$d7/d04/classenhanced__grid_1_1Grid1D.html" title="Class that represent a 2D grid, with enhanced slicing notation." alt="" coords="5,526,155,670">
<area shape="rect" href="$de/dde/classenhanced__grid_1_1GridBar3D.html" title="{enhanced_grid.GridBar3D\n||}" alt="" coords="179,558,347,638">
<area shape="rect" href="$dc/dc1/classenhanced__grid_1_1GridCol2D.html" title="{enhanced_grid.GridCol2D\n||}" alt="" coords="371,558,539,638">
<area shape="rect" href="$d8/dcd/classenhanced__grid_1_1GridCol3D.html" title="{enhanced_grid.GridCol3D\n||}" alt="" coords="563,558,731,638">
<area shape="rect" href="$da/d80/classenhanced__grid_1_1GridRow2D.html" title="{enhanced_grid.GridRow2D\n||}" alt="" coords="755,558,928,638">
<area shape="rect" href="$d2/d69/classenhanced__grid_1_1GridRow3D.html" title="{enhanced_grid.GridRow3D\n||}" alt="" coords="952,558,1125,638">
<area shape="rect" href="$d4/d79/classenhanced__grid_1_1GridWindow1D.html" title="{enhanced_grid.GridWindow1D\n||}" alt="" coords="1149,558,1344,638">
<area shape="rect" href="$d7/d89/classenhanced__grid_1_1Grid2D.html" title="Class that represent a 2D grid, with enhanced slicing notation." alt="" coords="1368,534,1517,662">
<area shape="rect" href="$de/d7a/classenhanced__grid_1_1GridSliceXY.html" title="{enhanced_grid.GridSliceXY\n||}" alt="" coords="1541,558,1720,638">
<area shape="rect" href="$d5/d39/classenhanced__grid_1_1GridSliceXZ.html" title="{enhanced_grid.GridSliceXZ\n||}" alt="" coords="1744,558,1920,638">
<area shape="rect" href="$d2/dbd/classenhanced__grid_1_1GridSliceYZ.html" title="{enhanced_grid.GridSliceYZ\n||}" alt="" coords="1944,558,2123,638">
<area shape="rect" href="$d6/d00/classenhanced__grid_1_1GridWindow2D.html" title="{enhanced_grid.GridWindow2D\n|+ grid\l+ x\l+ y\l|+ __init__()\l+ __getitem__()\l+ __setitem__()\l+ __repr__()\l}" alt="" coords="2147,518,2341,678">
<area shape="rect" href="$d7/d38/classenhanced__grid_1_1ListGrid2D.html" title="{enhanced_grid.ListGrid2D\n||+ __init__()\l+ additem()\l}" alt="" coords="1357,726,1528,822">
<area shape="rect" href="$d7/d1c/classenhanced__grid_1_1Grid3D.html" title="Class that represent a 3D grid, with enhanced slicing notation." alt="" coords="2365,542,2515,654">
<area shape="rect" href="$de/d3f/classenhanced__grid_1_1GridWindow3D.html" title="{enhanced_grid.GridWindow3D\n|+ grid\l+ x\l+ y\l+ z\l|+ __init__()\l+ __getitem__()\l+ __setitem__()\l}" alt="" coords="2539,518,2733,678">
<area shape="rect" href="$d9/dcf/classenhanced__grid_1_1ListGrid3D.html" title="{enhanced_grid.ListGrid3D\n||+ __init__()\l+ additem()\l}" alt="" coords="2355,726,2525,822">
