<area shape="rect" href="$de/dde/classenhanced__grid_1_1GridBar3D.html" title="{enhanced_grid.GridBar3D\n||}" alt="" coords="5,174,173,254">
<area shape="rect" href="$dc/dc1/classenhanced__grid_1_1GridCol2D.html" title="{enhanced_grid.GridCol2D\n||}" alt="" coords="197,174,365,254">
<area shape="rect" href="$d8/dcd/classenhanced__grid_1_1GridCol3D.html" title="{enhanced_grid.GridCol3D\n||}" alt="" coords="389,174,557,254">
<area shape="rect" href="$da/d80/classenhanced__grid_1_1GridRow2D.html" title="{enhanced_grid.GridRow2D\n||}" alt="" coords="581,174,755,254">
<area shape="rect" href="$d2/d69/classenhanced__grid_1_1GridRow3D.html" title="{enhanced_grid.GridRow3D\n||}" alt="" coords="779,174,952,254">
<area shape="rect" href="$de/d7a/classenhanced__grid_1_1GridSliceXY.html" title="{enhanced_grid.GridSliceXY\n||}" alt="" coords="976,174,1155,254">
<area shape="rect" href="$d5/d39/classenhanced__grid_1_1GridSliceXZ.html" title="{enhanced_grid.GridSliceXZ\n||}" alt="" coords="1179,174,1355,254">
<area shape="rect" href="$d2/dbd/classenhanced__grid_1_1GridSliceYZ.html" title="{enhanced_grid.GridSliceYZ\n||}" alt="" coords="1379,174,1557,254">
<area shape="rect" href="$d4/d79/classenhanced__grid_1_1GridWindow1D.html" title="{enhanced_grid.GridWindow1D\n||}" alt="" coords="1581,174,1776,254">
<area shape="rect" href="$de/d3f/classenhanced__grid_1_1GridWindow3D.html" title="{enhanced_grid.GridWindow3D\n|+ grid\l+ x\l+ y\l+ z\l|+ __init__()\l+ __getitem__()\l+ __setitem__()\l}" alt="" coords="1800,134,1995,294">
